../Core/Src/led.c:47:17:ws2812_ns_to_cycles	40	static
../Core/Src/led.c:59:13:ws2812_dwt_enable	4	static,ignoring_inline_asm
../Core/Src/led.c:68:20:ws2812_delay_cycles	24	static,ignoring_inline_asm
../Core/Src/led.c:79:13:ws2812_recalc_timings	16	static
../Core/Src/led.c:106:13:ws2812_send_grb	40	static,ignoring_inline_asm
../Core/Src/led.c:136:13:output_if_changed	16	static
../Core/Src/led.c:148:16:led_usb_configured_poll	8	static
../Core/Src/led.c:156:6:Led_Init	4	static
../Core/Src/led.c:173:6:Led_SetUsbConfigured	16	static
../Core/Src/led.c:178:6:Led_NotifyCanTx	8	static
../Core/Src/led.c:186:6:Led_Process	4	static
