../Core/Src/main.c:71:13:USB_CRS_Config	40	static
../Core/Src/main.c:85:13:FDCAN_ConfigAcceptAll	48	static
../Core/Src/main.c:114:5:main	8	static
../Core/Src/main.c:178:6:SystemClock_Config	144	static
../Core/Src/main.c:252:13:MX_FDCAN1_Init	8	static
../Core/Src/main.c:295:13:MX_FDCAN2_Init	8	static
../Core/Src/main.c:338:13:MX_UART4_Init	8	static
../Core/Src/main.c:386:13:MX_USB_PCD_Init	8	static
../Core/Src/main.c:444:13:MX_GPIO_Init	48	static
../Core/Src/main.c:479:6:HAL_FDCAN_RxFifo0Callback	72	static
../Core/Src/main.c:503:6:Error_Handler	4	static,ignoring_inline_asm
